// Jest Snapshot v1, https://goo.gl/fbAQLP

exports[`testing en el componente GifGridItem should to show <GifGridItem /> correctly 1`] = `
<div
  className="card animate__animated animate__zoomIn"
>
  <img
    alt="Gif de prueba"
    src="https://localhost/algo.jpg"
  />
  <p>
    Gif de prueba
  </p>
</div>
`;
